// Jest Snapshot v1, https://goo.gl/fbAQLP

exports[`renders CreditCard correctly 1`] = `
<View
  style={
    Array [
      Object {
        "backgroundColor": "#FFF",
      },
      Object {
        "alignItems": "flex-start",
        "backgroundColor": "#fff",
        "borderRadius": 15,
        "flex": 1,
        "justifyContent": "flex-start",
        "marginRight": 52.5,
      },
    ]
  }
>
  <View
    style={
      Array [
        Object {
          "backgroundColor": "#FFF",
        },
        undefined,
      ]
    }
  >
    <View
      style={
        Array [
          Object {
            "overflow": "hidden",
          },
          Object {
            "borderRadius": 75,
            "height": 150,
            "width": 150,
          },
        ]
      }
    >
      <FastImageView
        resizeMode="cover"
        source={
          Object {
            "cache": "immutable",
            "headers": Object {
              "Authorization": "4f298a53e552283bee957836a529baec",
            },
            "priority": "normal",
            "uri": "https://www.themoviedb.org/t/p/original/profile.png",
          }
        }
        style={
          Object {
            "bottom": 0,
            "left": 0,
            "position": "absolute",
            "right": 0,
            "top": 0,
          }
        }
      />
    </View>
  </View>
  <Text
    style={
      Array [
        Object {
          "color": "#000",
          "fontFamily": "Roboto",
          "fontWeight": "600",
          "textAlign": "left",
        },
        Object {
          "fontSize": 22.5,
          "marginTop": 7.5,
          "maxWidth": 202.5,
        },
      ]
    }
  >
    test
  </Text>
</View>
`;
