// Jest Snapshot v1, https://goo.gl/fbAQLP

exports[`renders MovieBody correctly 1`] = `
<View
  style={
    Array [
      Object {
        "backgroundColor": "#FFF",
      },
      Object {
        "alignItems": "center",
      },
    ]
  }
>
  <View
    style={
      Array [
        Object {
          "backgroundColor": "#FFF",
        },
        Object {
          "marginBottom": 37.5,
        },
      ]
    }
  >
    <View
      style={
        Array [
          Object {
            "overflow": "hidden",
          },
          Object {
            "borderRadius": 22.5,
            "height": 450,
            "width": 225,
          },
        ]
      }
    >
      <FastImageView
        resizeMode="cover"
        source={
          Object {
            "cache": "immutable",
            "headers": Object {
              "Authorization": "4f298a53e552283bee957836a529baec",
            },
            "priority": "normal",
            "uri": "https://www.themoviedb.org/t/p/original/poster.png",
          }
        }
        style={
          Object {
            "bottom": 0,
            "left": 0,
            "position": "absolute",
            "right": 0,
            "top": 0,
          }
        }
      />
    </View>
  </View>
  <Text
    style={
      Array [
        Object {
          "color": "#000",
          "fontFamily": "Roboto",
          "fontWeight": "700",
          "textAlign": "left",
        },
        Object {
          "fontSize": 36,
          "maxWidth": 600,
        },
      ]
    }
  >
    test
  </Text>
  <View
    style={
      Array [
        Object {
          "backgroundColor": "#FFF",
        },
        Object {
          "marginTop": 15,
        },
      ]
    }
  >
    <Text
      style={
        Array [
          Object {
            "color": "#79c700",
            "fontFamily": "Roboto",
            "fontWeight": "700",
            "textAlign": "left",
          },
          Object {
            "fontSize": 37.5,
          },
        ]
      }
    >
      30
      %
    </Text>
  </View>
  <View
    style={
      Array [
        Object {
          "backgroundColor": "#FFF",
        },
        Object {
          "marginTop": 41.5,
          "width": 675,
        },
      ]
    }
  >
    <Text
      style={
        Array [
          Object {
            "color": "#000",
            "fontFamily": "Roboto",
            "fontWeight": "700",
            "textAlign": "left",
          },
          Object {
            "fontSize": 29.5,
          },
        ]
      }
    >
      Overview
    </Text>
    <Text
      style={
        Array [
          Object {
            "color": "#888",
            "fontFamily": "Roboto",
            "fontWeight": "400",
            "textAlign": "left",
          },
          Object {
            "marginTop": 15,
          },
        ]
      }
    >
      overview test
    </Text>
  </View>
</View>
`;
